// Jest Snapshot v1, https://goo.gl/fbAQLP

exports[`components Header renders correctly 1`] = `
<header
  className="mb-4"
>
  <nav
    className="navbar navbar-light bg-light"
  >
    <a
      className="navbar-brand"
      href="/about"
      onClick={[Function]}
      style={undefined}
    >
      Mario Fernandez
    </a>
  </nav>
</header>
`;
